Copyright 1986-2016 Xilinx, Inc. All Rights Reserved.
----------------------------------------------------------------------------------------------------------------------------------------------
| Tool Version     : Vivado v.2016.4 (win64) Build 1756540 Mon Jan 23 19:11:23 MST 2017
| Date             : Wed Apr 27 14:23:17 2022
| Host             : DESKTOP-I4M014R running 64-bit major release  (build 9200)
| Command          : report_power -file test_env_power_routed.rpt -pb test_env_power_summary_routed.pb -rpx test_env_power_routed.rpx
| Design           : test_env
| Device           : xc7a35tcpg236-1
| Design State     : routed
| Grade            : commercial
| Process          : typical
| Characterization : Production
----------------------------------------------------------------------------------------------------------------------------------------------

Power Report

Table of Contents
-----------------
1. Summary
1.1 On-Chip Components
1.2 Power Supply Summary
1.3 Confidence Level
2. Settings
2.1 Environment
2.2 Clock Constraints
3. Detailed Reports
3.1 By Hierarchy

1. Summary
----------

+--------------------------+----------------------------------+
| Total On-Chip Power (W)  | 24.125 (Junction temp exceeded!) |
| Dynamic (W)              | 23.639                           |
| Device Static (W)        | 0.486                            |
| Effective TJA (C/W)      | 5.0                              |
| Max Ambient (C)          | 0.0                              |
| Junction Temperature (C) | 125.0                            |
| Confidence Level         | Low                              |
| Setting File             | ---                              |
| Simulation Activity File | ---                              |
| Design Nets Matched      | NA                               |
+--------------------------+----------------------------------+


1.1 On-Chip Components
----------------------

+--------------------------+-----------+----------+-----------+-----------------+
| On-Chip                  | Power (W) | Used     | Available | Utilization (%) |
+--------------------------+-----------+----------+-----------+-----------------+
| Slice Logic              |     1.439 |      901 |       --- |             --- |
|   LUT as Logic           |     1.169 |      347 |     20800 |            1.67 |
|   CARRY4                 |     0.117 |       26 |      8150 |            0.32 |
|   F7/F8 Muxes            |     0.070 |       96 |     32600 |            0.29 |
|   Register               |     0.059 |      354 |     41600 |            0.85 |
|   LUT as Distributed RAM |     0.018 |       16 |      9600 |            0.17 |
|   BUFG                   |     0.006 |        1 |        32 |            3.13 |
|   LUT as Shift Register  |    <0.001 |        2 |      9600 |            0.02 |
|   Others                 |     0.000 |       13 |       --- |             --- |
| Signals                  |     2.332 |      640 |       --- |             --- |
| I/O                      |    19.869 |       34 |       106 |           32.08 |
| Static Power             |     0.486 |          |           |                 |
| Total                    |    24.125 |          |           |                 |
+--------------------------+-----------+----------+-----------+-----------------+


1.2 Power Supply Summary
------------------------

+-----------+-------------+-----------+-------------+------------+
| Source    | Voltage (V) | Total (A) | Dynamic (A) | Static (A) |
+-----------+-------------+-----------+-------------+------------+
| Vccint    |       1.000 |     4.139 |       3.798 |      0.341 |
| Vccaux    |       1.800 |     0.780 |       0.727 |      0.053 |
| Vcco33    |       3.300 |     5.617 |       5.616 |      0.001 |
| Vcco25    |       2.500 |     0.000 |       0.000 |      0.000 |
| Vcco18    |       1.800 |     0.000 |       0.000 |      0.000 |
| Vcco15    |       1.500 |     0.000 |       0.000 |      0.000 |
| Vcco135   |       1.350 |     0.000 |       0.000 |      0.000 |
| Vcco12    |       1.200 |     0.000 |       0.000 |      0.000 |
| Vccaux_io |       1.800 |     0.000 |       0.000 |      0.000 |
| Vccbram   |       1.000 |     0.010 |       0.000 |      0.010 |
| MGTAVcc   |       1.000 |     0.000 |       0.000 |      0.000 |
| MGTAVtt   |       1.200 |     0.000 |       0.000 |      0.000 |
| Vccadc    |       1.800 |     0.020 |       0.000 |      0.020 |
+-----------+-------------+-----------+-------------+------------+


1.3 Confidence Level
--------------------

+-----------------------------+------------+--------------------------------------------------------+--------------------------------------------------------------------------------------------------------------------+
| User Input Data             | Confidence | Details                                                | Action                                                                                                             |
+-----------------------------+------------+--------------------------------------------------------+--------------------------------------------------------------------------------------------------------------------+
| Design implementation state | High       | Design is routed                                       |                                                                                                                    |
| Clock nodes activity        | Low        | User specified less than 75% of clocks                 | Provide missing clock activity with a constraint file, simulation results or by editing the "By Clock Domain" view |
| I/O nodes activity          | Low        | More than 75% of inputs are missing user specification | Provide missing input activity with simulation results or by editing the "By Resource Type -> I/Os" view           |
| Internal nodes activity     | Medium     | User specified less than 25% of internal nodes         | Provide missing internal nodes activity with simulation results or by editing the "By Resource Type" views         |
| Device models               | High       | Device models are Production                           |                                                                                                                    |
|                             |            |                                                        |                                                                                                                    |
| Overall confidence level    | Low        |                                                        |                                                                                                                    |
+-----------------------------+------------+--------------------------------------------------------+--------------------------------------------------------------------------------------------------------------------+


2. Settings
-----------

2.1 Environment
---------------

+-----------------------+--------------------------+
| Ambient Temp (C)      | 25.0                     |
| ThetaJA (C/W)         | 5.0                      |
| Airflow (LFM)         | 250                      |
| Heat Sink             | medium (Medium Profile)  |
| ThetaSA (C/W)         | 4.6                      |
| Board Selection       | medium (10"x10")         |
| # of Board Layers     | 12to15 (12 to 15 Layers) |
| Board Temperature (C) | 25.0                     |
+-----------------------+--------------------------+


2.2 Clock Constraints
---------------------

+-------+--------+-----------------+
| Clock | Domain | Constraint (ns) |
+-------+--------+-----------------+


3. Detailed Reports
-------------------

3.1 By Hierarchy
----------------

+------------------------+-----------+
| Name                   | Power (W) |
+------------------------+-----------+
| test_env               |    23.639 |
|   afisor               |     0.096 |
|   enableReset          |    <0.001 |
|   enableWriting        |     0.107 |
|   inst_EX              |     0.806 |
|   inst_ID              |     0.432 |
|     registers          |     0.432 |
|   inst_IF              |     1.073 |
|   inst_Mem             |     0.404 |
|     RAM_reg_0_31_0_0   |     0.003 |
|     RAM_reg_0_31_10_10 |     0.002 |
|     RAM_reg_0_31_11_11 |     0.003 |
|     RAM_reg_0_31_12_12 |     0.004 |
|     RAM_reg_0_31_13_13 |     0.003 |
|     RAM_reg_0_31_14_14 |     0.003 |
|     RAM_reg_0_31_15_15 |     0.004 |
|     RAM_reg_0_31_1_1   |     0.011 |
|     RAM_reg_0_31_2_2   |     0.012 |
|     RAM_reg_0_31_3_3   |     0.012 |
|     RAM_reg_0_31_4_4   |     0.012 |
|     RAM_reg_0_31_5_5   |     0.002 |
|     RAM_reg_0_31_6_6   |     0.002 |
|     RAM_reg_0_31_7_7   |     0.002 |
|     RAM_reg_0_31_8_8   |     0.003 |
|     RAM_reg_0_31_9_9   |     0.003 |
+------------------------+-----------+


